[www.mercadolivre.com.br/apple-iphone-13-pro-128-gb-dourado/p/MLB184942495a47.html]
[backblue.gif]
[fade.gif]
[index.html]
[http2.mlstatic.com/frontend-assets/ui-navigation/5.18.9/mercadolibre/180x180.png]
[http2.mlstatic.com/D_NQ_NP_669080-MLA47781235818_102021-O.jpg]
[www.mercadolivre.com.br/apple-iphone-13-pro-128-gb-dourado/p/MLB18494249.html]
[http2.mlstatic.com/frontend-assets/vpp-frontend/pdp.desktop.626d46da.css]
[http2.mlstatic.com/analytics/ga/mlb-ml-analytics.min.js]
[http2.mlstatic.com/D_NQ_628973-MLA49296401121_032022-OO.jpg]
[www.mercadolivre.com.br/apple-iphone-13-pro-128-gb-dourado/p/MLB184942498a32.html]
[www.mercadolivre.com.br/apple-iphone-13-pro-128-gb-dourado/p/MLB18494249/s.html]
[www.mercadolivre.com.br/apple-iphone-13-pro-128-gb-dourado/p/MLB18494249/seller-info184c.html]
[www.mercadolivre.com.br/apple-iphone-13-pro-128-gb-dourado/p/MLB18494249d733.html]
[www.mercadolivre.com.br/apple-iphone-13-pro-128-gb-dourado/p/POST]
[www.mercadolivre.com.br/apple-iphone-13-pro-128-gb-dourado/p/MLB184942495a47.html]
[http2.mlstatic.com/frontend-assets/ui-navigation/5.18.9/mercadolibre/navigation-desktop.css]
[http2.mlstatic.com/frontend-assets/ui-navigation/5.18.9/mercadolibre/navigation-mobile.css]
[www.mercadolivre.com.br/apple-iphone-13-pro-128-gb-dourado/p/MLB18494249.html]
[http2.mlstatic.com/frontend-assets/vpp-frontend/pdp.desktop.626d46da.css]
[www.mercadolivre.com.br/apple-iphone-13-pro-128-gb-dourado/p/MLB184942498a32.html]
[http2.mlstatic.com/frontend-assets/vpp-frontend/pds.desktop.329873e3.css]
[http2.mlstatic.com/D_Q_NP_669080-MLA47781235818_102021-O.jpg]
[www.mercadolivre.com.br/apple-iphone-13-pro-128-gb-dourado/p/MLB18494249/s8a32.html]
[www.mercadolivre.com.br/apple-iphone-13-pro-128-gb-dourado/p/MLB18494249/s.html]
[www.mercadolivre.com.br/apple-iphone-13-pro-128-gb-dourado/p/MLB18494249/seller-info184c.html]
[www.mercadolivre.com.br/apple-iphone-13-pro-128-gb-dourado/p/MLB18494249d733.html]
[www.mercadolivre.com.br/apple-iphone-13-pro-128-gb-dourado/p/POST.html]
[www.googletagmanager.com/gtm5445.html]
[http2.mlstatic.com/frontend-assets/ui-navigation/5.18.9/mercadolibre/navigation-desktop.css]
[http2.mlstatic.com/frontend-assets/ui-navigation/5.18.9/mercadolibre/navigation-mobile.css]
[http2.mlstatic.com/frontend-assets/vpp-frontend/pds.desktop.329873e3.css]
[www.mercadolivre.com.br/apple-iphone-13-pro-128-gb-dourado/p/MLB18494249/index.html]
[www.mercadolivre.com.br/apple-iphone-13-pro-128-gb-dourado/p/MLB18494249/s7080.html]
[www.mercadolivre.com.br/apple-iphone-13-pro-128-gb-dourado/p/MLB18494249/s8a32.html]
[www.mercadolivre.com.br/apple-iphone-13-pro-128-gb-dourado/p/MLB18494249/s7080.html]
[www.mercadolivre.com.br/apple-iphone-13-pro-128-gb-dourado/p/MLB18494249/s341e.html]
[www.mercadolivre.com.br/apple-iphone-13-pro-128-gb-dourado/p/MLB18494249/s341e.html]
